// Jest Snapshot v1, https://goo.gl/fbAQLP

exports[`PLButton rendering renders PLButton 1`] = `<p-button-stub />`;
