// Jest Snapshot v1, https://goo.gl/fbAQLP

exports[`PMButton rendering renders PMButton 1`] = `<p-button-stub />`;
