// Jest Snapshot v1, https://goo.gl/fbAQLP

exports[`PSButton rendering renders PSButton 1`] = `<p-button-stub />`;
